2026-06-16 18:38:49 [[32minfo[39m] ⚡ YieldPilot Keeper starting up...
2026-06-16 18:38:49 [[32minfo[39m] SolanaClient initialized
{
  "rpc": "http://127.0.0.1:8899",
  "keeper": "8i7kydJHwi3Cdp46Xugyux2vWJmTScYDvnJrBiBihBnP",
  "program": "8c7Boyk91MWkn5jabf5CnYD8DrG6p4hYm9eDdAAWXEKH"
}
2026-06-16 18:38:49 [[32minfo[39m] Keeper wallet: 8i7kydJHwi3Cdp46Xugyux2vWJmTScYDvnJrBiBihBnP (500000007.2136 SOL)
2026-06-16 18:38:49 [[32minfo[39m] Scheduling cron jobs
{
  "apyCron": "*/15 * * * *",
  "compoundCron": "0 * * * *"
}
2026-06-16 18:38:49 [[32minfo[39m] Running initial checks...
2026-06-16 18:38:49 [[32minfo[39m] ── APY poll + rebalance check ──
2026-06-16 18:38:49 [[32minfo[39m] Fetching APYs from all protocols...
2026-06-16 18:38:50 [[33mwarn[39m] Failed to fetch Orca APY, using fallback
{
  "error": "Request failed with status code 404"
}
2026-06-16 18:38:50 [[33mwarn[39m] Failed to fetch Kamino APY, using fallback
{
  "error": "Request failed with status code 404"
}
2026-06-16 18:38:50 [[33mwarn[39m] Failed to fetch Drift APY, using fallback
{
  "error": "Request failed with status code 503"
}
2026-06-16 18:39:06 [[32minfo[39m] ⚡ YieldPilot Keeper starting up...
2026-06-16 18:39:06 [[32minfo[39m] SolanaClient initialized
{
  "rpc": "http://127.0.0.1:8899",
  "keeper": "8i7kydJHwi3Cdp46Xugyux2vWJmTScYDvnJrBiBihBnP",
  "program": "8c7Boyk91MWkn5jabf5CnYD8DrG6p4hYm9eDdAAWXEKH"
}
2026-06-16 18:39:06 [[32minfo[39m] Keeper wallet: 8i7kydJHwi3Cdp46Xugyux2vWJmTScYDvnJrBiBihBnP (500000007.2136 SOL)
2026-06-16 18:39:06 [[32minfo[39m] Scheduling cron jobs
{
  "apyCron": "*/15 * * * *",
  "compoundCron": "0 * * * *"
}
2026-06-16 18:39:06 [[32minfo[39m] Running initial checks...
2026-06-16 18:39:06 [[32minfo[39m] ── APY poll + rebalance check ──
2026-06-16 18:39:06 [[32minfo[39m] Fetching APYs from all protocols...
2026-06-16 18:39:06 [[33mwarn[39m] Failed to fetch Orca APY, using fallback
{
  "error": "Request failed with status code 404"
}
2026-06-16 18:39:06 [[33mwarn[39m] Failed to fetch Kamino APY, using fallback
{
  "error": "Request failed with status code 404"
}
2026-06-16 18:39:06 [[33mwarn[39m] Failed to fetch Drift APY, using fallback
{
  "error": "Request failed with status code 503"
}
2026-06-16 18:39:30 [[32minfo[39m] ⚡ YieldPilot Keeper starting up...
2026-06-16 18:39:30 [[32minfo[39m] SolanaClient initialized
{
  "rpc": "http://127.0.0.1:8899",
  "keeper": "8i7kydJHwi3Cdp46Xugyux2vWJmTScYDvnJrBiBihBnP",
  "program": "8c7Boyk91MWkn5jabf5CnYD8DrG6p4hYm9eDdAAWXEKH"
}
2026-06-16 18:39:30 [[32minfo[39m] Keeper wallet: 8i7kydJHwi3Cdp46Xugyux2vWJmTScYDvnJrBiBihBnP (500000007.2136 SOL)
2026-06-16 18:39:30 [[32minfo[39m] Scheduling cron jobs
{
  "apyCron": "*/15 * * * *",
  "compoundCron": "0 * * * *"
}
2026-06-16 18:39:30 [[32minfo[39m] Running initial checks...
2026-06-16 18:39:30 [[32minfo[39m] ── APY poll + rebalance check ──
2026-06-16 18:39:30 [[32minfo[39m] Fetching APYs from all protocols...
2026-06-16 18:39:30 [[33mwarn[39m] Failed to fetch Orca APY, using fallback
{
  "error": "Request failed with status code 404"
}
2026-06-16 18:39:31 [[33mwarn[39m] Failed to fetch Kamino APY, using fallback
{
  "error": "Request failed with status code 404"
}
2026-06-16 18:39:31 [[33mwarn[39m] Failed to fetch Drift APY, using fallback
{
  "error": "Request failed with status code 503"
}
2026-06-16 18:39:46 [[32minfo[39m] APY fetch complete
{
  "protocols": [
    "Kamino(USDC): 8.42%",
    "Kamino(SOL): 6.20%",
    "Marinade(SOL): 12.69%",
    "Raydium(USDC-SOL): 24.70%",
    "Drift(SOL): 5.88%",
    "Orca(USDC-ETH): 18.30%"
  ]
}
2026-06-16 18:39:46 [[32minfo[39m] Checking vault: WHQzGV9o... (USDC Vault v1)
2026-06-16 18:39:46 [[32minfo[39m]   Rebalance decision: Allocation drifted 500bps (threshold: 500bps)
{
  "current": [
    6000,
    4000
  ],
  "proposed": [
    6500,
    3500
  ],
  "apyImprovementBps": 11.099999999999909
}
2026-06-16 18:39:46 [[32minfo[39m]   Sending rebalance transaction...
2026-06-16 18:39:46 [[32minfo[39m] rebalance(WHQzGV9o...) confirmed
{
  "signature": "21CPASFSditS8v3wH3bECv1gQN1z3nLccgE98TerMjCPG4majKL1yLECdNnwkgpkVyEGLaj4DfBkLaoX6fwEN6oP",
  "attempt": 1
}
2026-06-16 18:39:46 [[32minfo[39m]   ✓ Rebalanced
{
  "signature": "21CPASFSditS8v3wH3bECv1gQN1z3nLccgE98TerMjCPG4majKL1yLECdNnwkgpkVyEGLaj4DfBkLaoX6fwEN6oP",
  "newAllocations": [
    6500,
    3500
  ]
}
2026-06-16 18:39:46 [[32minfo[39m] Checking vault: 2PnS5Mnw... (USDC Vault v1)
2026-06-16 18:39:46 [[32minfo[39m]   Rebalance decision: Allocation drifted 500bps (threshold: 500bps)
{
  "current": [
    6000,
    4000
  ],
  "proposed": [
    6500,
    3500
  ],
  "apyImprovementBps": 11.099999999999909
}
2026-06-16 18:39:46 [[32minfo[39m]   Sending rebalance transaction...
2026-06-16 18:39:47 [[32minfo[39m] rebalance(2PnS5Mnw...) confirmed
{
  "signature": "56EcWaFBC6F8NiqyBBXMd9isWCT8Xq6jFvzKeD5yqKsh8HE98fpTxX2t3p3c5wUbBVsKcBZSws6eRhNTFdQ4y6v9",
  "attempt": 1
}
2026-06-16 18:39:47 [[32minfo[39m]   ✓ Rebalanced
{
  "signature": "56EcWaFBC6F8NiqyBBXMd9isWCT8Xq6jFvzKeD5yqKsh8HE98fpTxX2t3p3c5wUbBVsKcBZSws6eRhNTFdQ4y6v9",
  "newAllocations": [
    6500,
    3500
  ]
}
2026-06-16 18:39:47 [[32minfo[39m] ── Compound check ──
2026-06-16 18:39:47 [[32minfo[39m] Vault WHQzGV9o...: Too early — 59min until compound interval
2026-06-16 18:39:47 [[32minfo[39m] Vault 2PnS5Mnw...: Too early — 56min until compound interval
2026-06-16 18:39:47 [[32minfo[39m] Health check
{
  "keeperBalance": "500000007.2136 SOL",
  "uptime": "0min",
  "stats": {
    "apyPolls": 1,
    "rebalances": 2,
    "compounds": 0,
    "errors": 0
  },
  "latestApys": [
    "Kamino(USDC): 8.42%",
    "Kamino(SOL): 6.20%",
    "Marinade(SOL): 12.69%",
    "Raydium(USDC-SOL): 24.70%",
    "Drift(SOL): 5.88%",
    "Orca(USDC-ETH): 18.30%"
  ]
}
2026-06-16 18:39:47 [[32minfo[39m] ✓ Keeper running. Press Ctrl+C to stop.
2026-06-29 03:49:35 [[32minfo[39m] ⚡ YieldPilot Keeper starting up...
2026-06-29 03:49:36 [[32minfo[39m] SolanaClient initialized
{
  "rpc": "https://api.devnet.solana.com",
  "keeper": "DzBe4ag5Ehjd3eE3wa5JVnqcVM2mQ8FFd2ZmxKjVvY2M"
}
2026-06-29 03:49:36 [[32minfo[39m] Keeper wallet: DzBe4ag5Ehjd3eE3wa5JVnqcVM2mQ8FFd2ZmxKjVvY2M (0.5096 SOL)
2026-06-29 03:49:36 [[32minfo[39m] Scheduling cron jobs
{
  "apyCron": "*/15 * * * *",
  "compoundCron": "0 * * * *"
}
2026-06-29 03:49:36 [[32minfo[39m] Running initial checks...
2026-06-29 03:49:36 [[32minfo[39m] ── APY poll + rebalance check ──
2026-06-29 03:49:36 [[32minfo[39m] Fetching APYs from all protocols...
2026-06-29 03:49:36 [[33mwarn[39m] Failed to fetch MarginFi APY
{
  "error": "getaddrinfo ENOTFOUND production.marginfi.com"
}
2026-06-29 03:49:36 [[33mwarn[39m] Failed to fetch Drift APY
{
  "error": "Request failed with status code 502"
}
2026-06-29 03:49:36 [[33mwarn[39m] Failed to fetch Jito APY
{
  "error": "Request failed with status code 404"
}
2026-06-29 03:49:36 [[33mwarn[39m] Failed to fetch Kamino APY
{
  "error": "Request failed with status code 404"
}
2026-06-29 03:49:37 [[32minfo[39m] APY fetch complete
{
  "protocols": [
    "MarginFi(USDC): 11.40%",
    "Jito(SOL): 8.90%",
    "Kamino(USDC): 8.42%",
    "Marinade(SOL): 10.85%",
    "MarginFi(SOL): 7.10%",
    "Kamino(SOL): 6.20%",
    "Drift(SOL): 5.88%",
    "Solend(USDC): 5.10%"
  ]
}
2026-06-29 03:49:37 [[32minfo[39m] Checking vault: 8KcoRt5D... (YieldPilot SOL)
2026-06-29 03:49:37 [[32minfo[39m]   Rebalance decision: Drift 6000bps AND net APY gain 111bps
{
  "current": [
    8000,
    2000
  ],
  "proposed": [
    2000,
    8000
  ],
  "apyImprovementBps": 111
}
2026-06-29 03:49:37 [[32minfo[39m]   Sending rebalance transaction...
2026-06-29 03:49:38 [[32minfo[39m] rebalance(8KcoRt5D...) confirmed
{
  "signature": "5rSCjem8XvRfdfiFJaUxAyUaKUndfP525fZGg1CoNku4QTtWEWfAq54GtSotz1rxRgWoXqMMoY3bjFMW4bBH2MDX",
  "attempt": 1
}
2026-06-29 03:50:05 [[32minfo[39m] ⚡ YieldPilot Keeper starting up...
2026-06-29 03:50:06 [[32minfo[39m] SolanaClient initialized
{
  "rpc": "https://api.devnet.solana.com",
  "keeper": "DzBe4ag5Ehjd3eE3wa5JVnqcVM2mQ8FFd2ZmxKjVvY2M"
}
2026-06-29 03:50:06 [[32minfo[39m] Keeper wallet: DzBe4ag5Ehjd3eE3wa5JVnqcVM2mQ8FFd2ZmxKjVvY2M (0.5096 SOL)
2026-06-29 03:50:06 [[32minfo[39m] Scheduling cron jobs
{
  "apyCron": "*/15 * * * *",
  "compoundCron": "0 * * * *"
}
2026-06-29 03:50:06 [[32minfo[39m] Running initial checks...
2026-06-29 03:50:06 [[32minfo[39m] ── APY poll + rebalance check ──
2026-06-29 03:50:06 [[32minfo[39m] Fetching APYs from all protocols...
2026-06-29 03:50:06 [[33mwarn[39m] Failed to fetch MarginFi APY
{
  "error": "getaddrinfo ENOTFOUND production.marginfi.com"
}
2026-06-29 03:50:06 [[33mwarn[39m] Failed to fetch Jito APY
{
  "error": "Request failed with status code 404"
}
2026-06-29 03:50:06 [[33mwarn[39m] Failed to fetch Drift APY
{
  "error": "Request failed with status code 502"
}
2026-06-29 03:50:06 [[33mwarn[39m] Failed to fetch Kamino APY
{
  "error": "Request failed with status code 404"
}
2026-06-29 03:50:06 [[32minfo[39m] APY fetch complete
{
  "protocols": [
    "MarginFi(USDC): 11.40%",
    "Jito(SOL): 8.90%",
    "Kamino(USDC): 8.42%",
    "Marinade(SOL): 10.85%",
    "MarginFi(SOL): 7.10%",
    "Kamino(SOL): 6.20%",
    "Drift(SOL): 5.88%",
    "Solend(USDC): 5.10%"
  ]
}
2026-06-29 03:50:06 [[32minfo[39m] Checking vault: 8KcoRt5D... (YieldPilot SOL)
2026-06-29 03:50:06 [[32minfo[39m]   Rebalance decision: No rebalance needed
{
  "current": [
    2000,
    8000
  ],
  "proposed": [
    2000,
    8000
  ],
  "apyImprovementBps": 0
}
2026-06-29 03:50:06 [[32minfo[39m] ── Compound check ──
2026-06-29 03:50:07 [[32minfo[39m] Vault 8KcoRt5D...: 5891min since last compound
2026-06-29 03:50:07 [[32minfo[39m]   Sending compound transaction...
2026-06-29 03:50:07 [[32minfo[39m] compound(8KcoRt5D...) confirmed
{
  "signature": "1quiTxZCViSqRBa9d2SC5w7kpSC8CB47TCugcKCQadcJnJ47thtxnoT9hsiiXSaXBvZpWKZSPacNDgouvMJhox3",
  "attempt": 1
}
2026-06-29 03:50:07 [[32minfo[39m]   ✓ Compounded
{
  "signature": "1quiTxZCViSqRBa9d2SC5w7kpSC8CB47TCugcKCQadcJnJ47thtxnoT9hsiiXSaXBvZpWKZSPacNDgouvMJhox3"
}
2026-06-29 03:50:08 [[32minfo[39m] Health check
{
  "keeperBalance": "0.5096 SOL",
  "uptime": "0min",
  "stats": {
    "apyPolls": 1,
    "rebalances": 0,
    "compounds": 1,
    "errors": 0
  },
  "latestApys": [
    "MarginFi(USDC): 11.40%",
    "Jito(SOL): 8.90%",
    "Kamino(USDC): 8.42%",
    "Marinade(SOL): 10.85%",
    "MarginFi(SOL): 7.10%",
    "Kamino(SOL): 6.20%",
    "Drift(SOL): 5.88%",
    "Solend(USDC): 5.10%"
  ]
}
2026-06-29 03:50:08 [[32minfo[39m] ✓ Keeper running. Press Ctrl+C to stop.
